// Jest Snapshot v1, https://goo.gl/fbAQLP

exports[`MedianKeeper should work 1`] = `
Array [
  9305,
  9292.05,
  9292.05,
  9274.95,
  9274.95,
  9286.25,
  9286.25,
  9299.2,
  9295.8,
  9299.1,
  9299.1,
  9299.1,
  9299.1,
  9334,
  9370.2,
]
`;
